{
  IsSuccess: false,
  Errors: [
    {
      Message: Order not found.
    }
  ]
}